description: Representative Jard Golden proposed a family income supplement which can not exceed this percentage of the total adjusted gross income.
metadata:
  unit: /1
  label: FISC Act family income supplement income threshold
  period: year
  reference:
    - title: Family Income Supplemental Credit Act, Sec. 2, (d)(4)
      href: https://golden.house.gov/sites/evo-subsites/golden.house.gov/files/evo-media-document/GoldenFISC.pdf#page=7
values:
  2026-01-01: 0.08333
